H:\tempDev\amour\src\main\java\fr\insa\beuvron\web\amour\vues\ListeDesUtilisateurs.java
H:\tempDev\amour\src\main\java\fr\insa\beuvron\web\amour\vues\RoleCombobox.java
H:\tempDev\amour\src\main\java\fr\insa\beuvron\web\amour\vues\InitOrResetDatabase.java
H:\tempDev\amour\src\main\java\fr\insa\beuvron\web\amour\vues\LoginMain.java
H:\tempDev\amour\src\main\java\fr\insa\beuvron\web\amour\vues\MyVerticalLayout.java
H:\tempDev\amour\src\main\java\fr\insa\beuvron\web\amour\model\Utilisateur.java
H:\tempDev\amour\src\main\java\fr\insa\beuvron\web\amour\vues\DefConnectionBDD.java
H:\tempDev\amour\src\main\java\fr\insa\beuvron\web\amour\vues\NouvelUtilisateur.java
H:\tempDev\amour\src\main\java\fr\insa\beuvron\web\amour\VuePrincipale.java
H:\tempDev\amour\src\main\java\fr\insa\beuvron\web\amour\vues\BienvenueMainVue.java
H:\tempDev\amour\src\main\java\fr\insa\beuvron\web\amour\vues\LoginForm.java
H:\tempDev\amour\src\main\java\fr\insa\beuvron\web\amour\vues\BdDNonAccessible.java
H:\tempDev\amour\src\main\java\fr\insa\beuvron\web\amour\bdd\SQLUtils.java
H:\tempDev\amour\src\main\java\fr\insa\beuvron\web\amour\vues\ConfigGenerale.java
H:\tempDev\amour\src\main\java\fr\insa\beuvron\web\amour\vues\UtilisateurGrid.java
H:\tempDev\amour\src\main\java\fr\insa\beuvron\web\amour\model\Role.java
H:\tempDev\amour\src\main\java\fr\insa\beuvron\web\amour\vues\SelectSGBDCombo.java
H:\tempDev\amour\src\main\java\fr\insa\beuvron\web\amour\Application.java
H:\tempDev\amour\src\main\java\fr\insa\beuvron\utils\ConsoleFdB.java
H:\tempDev\amour\src\main\java\fr\insa\beuvron\web\amour\vues\MainAfterLogin.java
H:\tempDev\amour\src\main\java\fr\insa\beuvron\web\amour\vues\MyHorizontalLayout.java
H:\tempDev\amour\src\main\java\fr\insa\beuvron\web\amour\vues\EnteteAfterLogin.java
H:\tempDev\amour\src\main\java\fr\insa\beuvron\web\amour\bdd\GestionBdD.java
H:\tempDev\amour\src\main\java\fr\insa\beuvron\web\amour\SessionInfo.java
H:\tempDev\amour\src\main\java\fr\insa\beuvron\web\amour\vues\ResetDatabase.java
H:\tempDev\amour\src\main\java\fr\insa\beuvron\web\amour\vues\PanneauShowAime.java
H:\tempDev\amour\src\main\java\fr\insa\beuvron\web\amour\vues\EnteteInitialLogin.java
H:\tempDev\amour\src\main\java\fr\insa\beuvron\web\amour\vues\PanneauModifyAime.java
H:\tempDev\amour\src\main\java\fr\insa\beuvron\web\amour\vues\UtilisateurSelectGrid.java
